// Jest Snapshot v1, https://goo.gl/fbAQLP

exports[`Unit tests for parseUISchemaConfig For form With DataSchema Nested without keyFlatten 1`] = `
{
  "contents": [
    {
      "dataSchema": {
        "t": 2,
      },
      "key": "test_text",
      "multiline": undefined,
      "type": "text",
    },
    {
      "contents": [
        {
          "dataSchema": {
            "t": 0,
          },
          "key": "test_number",
          "type": "number",
        },
      ],
      "dataSchema": {
        "items": {
          "test_number": {
            "t": 0,
          },
        },
        "t": 4,
      },
      "key": "test_form",
      "label": undefined,
      "type": "form",
    },
  ],
  "dataSchema": {
    "items": {
      "test_form": {
        "items": {
          "test_number": {
            "t": 0,
          },
        },
        "t": 4,
      },
      "test_text": {
        "t": 2,
      },
    },
    "t": 4,
  },
  "key": undefined,
  "label": undefined,
  "type": "form",
}
`;

exports[`Unit tests for parseUISchemaConfig For form Without DataSchema Nested without keyFlatten 1`] = `
{
  "contents": [
    {
      "dataSchema": {
        "t": 2,
      },
      "key": "test_text",
      "multiline": undefined,
      "type": "text",
    },
    {
      "contents": [
        {
          "dataSchema": {
            "t": 0,
          },
          "key": "test_number",
          "type": "number",
        },
      ],
      "dataSchema": {
        "items": {
          "test_number": {
            "t": 0,
          },
        },
        "t": 4,
      },
      "key": "test_form",
      "label": undefined,
      "type": "form",
    },
  ],
  "dataSchema": {
    "items": {
      "test_form": {
        "items": {
          "test_number": {
            "t": 0,
          },
        },
        "t": 4,
      },
      "test_text": {
        "t": 2,
      },
    },
    "t": 4,
  },
  "key": undefined,
  "label": undefined,
  "type": "form",
}
`;
